{
  "lines": [
    "function unrelatedFunction() {",
    "    console.log(\"This is not an inject function.\");",
    "}",
    "",
    "// @Inject(method = \"onInit\", at = \"HEAD\", ordinal = 0)",
    "function initHook() {",
    "    console.log(\"Injected at onInit HEAD with ordinal 0\");",
    "}",
    "",
    "// @Inject(method=\"onRender\", at=\"TAIL\")",
    "const renderHook = () => {",
    "    console.log(\"Injected at onRender TAIL with no ordinal\");",
    "}",
    "const x = 42;",
    "",
    "// @Inject(method=\"onClick\", at=\"HEAD\", ordinal=2)",
    "function clickHook() {",
    "    const now = Date.now();",
    "    console.log(\"Click hook executed at\", now);",
    "}",
    "",
    "// @Inject(method = \"run(args)\", at=\"HEAD\")",
    "function runHook(args) {",
    "",
    "}",
    ""
  ],
  "code": "function unrelatedFunction() {\n    console.log(\"This is not an inject function.\");\n}\n\n// @Inject(method = \"onInit\", at = \"HEAD\", ordinal = 0)\nfunction initHook() {\n    console.log(\"Injected at onInit HEAD with ordinal 0\");\n}\n\n// @Inject(method=\"onRender\", at=\"TAIL\")\nconst renderHook = () => {\n    console.log(\"Injected at onRender TAIL with no ordinal\");\n}\nconst x = 42;\n\n// @Inject(method=\"onClick\", at=\"HEAD\", ordinal=2)\nfunction clickHook() {\n    const now = Date.now();\n    console.log(\"Click hook executed at\", now);\n}\n\n// @Inject(method = \"run(args)\", at=\"HEAD\")\nfunction runHook(args) {\n\n}\n",
  "methods": [
    {
      "match": {
        "method": "onInit",
        "at": "HEAD",
        "ordinal": 0
      },
      "code": "function initHook() {\n    console.log(\"Injected at onInit HEAD with ordinal 0\");\n}"
    },
    {
      "match": {
        "method": "onRender",
        "at": "TAIL",
        "ordinal": 0
      },
      "code": "const renderHook = () => {\n    console.log(\"Injected at onRender TAIL with no ordinal\");\n}"
    },
    {
      "match": {
        "method": "onClick",
        "at": "HEAD",
        "ordinal": 2
      },
      "code": "function clickHook() {\n    const now = Date.now();\n    console.log(\"Click hook executed at\", now);\n}"
    },
    {
      "match": {
        "method": "run(args)",
        "at": "HEAD",
        "ordinal": 0
      },
      "code": "function runHook(args) {\n\n}"
    }
  ]
}